#! /opt/homebrew/Cellar/icarus-verilog/12.0/bin/vvp
:ivl_version "12.0 (stable)";
:ivl_delay_selection "TYPICAL";
:vpi_time_precision - 12;
:vpi_module "/opt/homebrew/Cellar/icarus-verilog/12.0/lib/ivl/system.vpi";
:vpi_module "/opt/homebrew/Cellar/icarus-verilog/12.0/lib/ivl/vhdl_sys.vpi";
:vpi_module "/opt/homebrew/Cellar/icarus-verilog/12.0/lib/ivl/vhdl_textio.vpi";
:vpi_module "/opt/homebrew/Cellar/icarus-verilog/12.0/lib/ivl/v2005_math.vpi";
:vpi_module "/opt/homebrew/Cellar/icarus-verilog/12.0/lib/ivl/va_math.vpi";
:vpi_module "/opt/homebrew/Cellar/icarus-verilog/12.0/lib/ivl/v2009.vpi";
S_0x144a04600 .scope package, "$unit" "$unit" 2 1;
 .timescale 0 0;
S_0x144a04790 .scope module, "signeder" "signeder" 3 4;
 .timescale -9 -12;
    .port_info 0 /INPUT 1 "clk_in";
    .port_info 1 /INPUT 1 "rst_in";
    .port_info 2 /INPUT 5 "a_in";
    .port_info 3 /INPUT 5 "b_in";
    .port_info 4 /OUTPUT 1 "compare_out";
o0x148030010 .functor BUFZ 5, C4<zzzzz>; HiZ drive
v0x1449050f0_0 .net "a_in", 4 0, o0x148030010;  0 drivers
o0x148030040 .functor BUFZ 5, C4<zzzzz>; HiZ drive
v0x1449150d0_0 .net "b_in", 4 0, o0x148030040;  0 drivers
o0x148030070 .functor BUFZ 1, C4<z>; HiZ drive
v0x144915170_0 .net "clk_in", 0 0, o0x148030070;  0 drivers
v0x144915200_0 .var "compare_out", 0 0;
o0x1480300d0 .functor BUFZ 1, C4<z>; HiZ drive
v0x1449152a0_0 .net "rst_in", 0 0, o0x1480300d0;  0 drivers
E_0x144904ca0 .event posedge, v0x144915170_0;
    .scope S_0x144a04790;
T_0 ;
    %wait E_0x144904ca0;
    %load/vec4 v0x1449152a0_0;
    %flag_set/vec4 8;
    %jmp/0xz  T_0.0, 8;
    %pushi/vec4 0, 0, 1;
    %assign/vec4 v0x144915200_0, 0;
    %jmp T_0.1;
T_0.0 ;
    %load/vec4 v0x1449050f0_0;
    %load/vec4 v0x1449150d0_0;
    %cmp/u;
    %flag_get/vec4 5;
    %assign/vec4 v0x144915200_0, 0;
T_0.1 ;
    %jmp T_0;
    .thread T_0;
# The file index is used to find the file name in the following table.
:file_names 4;
    "N/A";
    "<interactive>";
    "-";
    "../hdl/signed.sv";
