#! /opt/homebrew/Cellar/icarus-verilog/12.0/bin/vvp
:ivl_version "12.0 (stable)";
:ivl_delay_selection "TYPICAL";
:vpi_time_precision - 12;
:vpi_module "/opt/homebrew/Cellar/icarus-verilog/12.0/lib/ivl/system.vpi";
:vpi_module "/opt/homebrew/Cellar/icarus-verilog/12.0/lib/ivl/vhdl_sys.vpi";
:vpi_module "/opt/homebrew/Cellar/icarus-verilog/12.0/lib/ivl/vhdl_textio.vpi";
:vpi_module "/opt/homebrew/Cellar/icarus-verilog/12.0/lib/ivl/v2005_math.vpi";
:vpi_module "/opt/homebrew/Cellar/icarus-verilog/12.0/lib/ivl/va_math.vpi";
:vpi_module "/opt/homebrew/Cellar/icarus-verilog/12.0/lib/ivl/v2009.vpi";
S_0x15a6391b0 .scope package, "$unit" "$unit" 2 1;
 .timescale 0 0;
S_0x15a60d020 .scope module, "top_level" "top_level" 3 4;
 .timescale -9 -12;
    .port_info 0 /INPUT 1 "clk_100mhz";
    .port_info 1 /OUTPUT 16 "led";
    .port_info 2 /INPUT 8 "camera_d";
    .port_info 3 /OUTPUT 1 "cam_xclk";
    .port_info 4 /INPUT 1 "cam_hsync";
    .port_info 5 /INPUT 1 "cam_vsync";
    .port_info 6 /INPUT 1 "cam_pclk";
    .port_info 7 /INOUT 1 "i2c_scl";
    .port_info 8 /INOUT 1 "i2c_sda";
    .port_info 9 /INPUT 16 "sw";
    .port_info 10 /INPUT 4 "btn";
    .port_info 11 /OUTPUT 3 "rgb0";
    .port_info 12 /OUTPUT 3 "rgb1";
    .port_info 13 /OUTPUT 4 "ss0_an";
    .port_info 14 /OUTPUT 4 "ss1_an";
    .port_info 15 /OUTPUT 7 "ss0_c";
    .port_info 16 /OUTPUT 7 "ss1_c";
    .port_info 17 /OUTPUT 3 "hdmi_tx_p";
    .port_info 18 /OUTPUT 3 "hdmi_tx_n";
    .port_info 19 /OUTPUT 1 "hdmi_clk_p";
    .port_info 20 /OUTPUT 1 "hdmi_clk_n";
    .port_info 21 /INOUT 16 "ddr3_dq";
    .port_info 22 /INOUT 2 "ddr3_dqs_n";
    .port_info 23 /INOUT 2 "ddr3_dqs_p";
    .port_info 24 /OUTPUT 13 "ddr3_addr";
    .port_info 25 /OUTPUT 3 "ddr3_ba";
    .port_info 26 /OUTPUT 1 "ddr3_ras_n";
    .port_info 27 /OUTPUT 1 "ddr3_cas_n";
    .port_info 28 /OUTPUT 1 "ddr3_we_n";
    .port_info 29 /OUTPUT 1 "ddr3_reset_n";
    .port_info 30 /OUTPUT 1 "ddr3_ck_p";
    .port_info 31 /OUTPUT 1 "ddr3_ck_n";
    .port_info 32 /OUTPUT 1 "ddr3_cke";
    .port_info 33 /OUTPUT 2 "ddr3_dm";
    .port_info 34 /OUTPUT 1 "ddr3_odt";
L_0x15a62f650 .functor BUFZ 1, v0x15a647330_0, C4<0>, C4<0>, C4<0>;
L_0x15a649a80 .functor BUFZ 24, v0x15a6469b0_0, C4<000000000000000000000000>, C4<000000000000000000000000>, C4<000000000000000000000000>;
L_0x15a649b10 .functor BUFZ 8, v0x15a648a50_0, C4<00000000>, C4<00000000>, C4<00000000>;
L_0x1600880a0 .functor BUFT 1, C4<0010001001110111>, C4<0>, C4<0>, C4<0>;
v0x15a63d920_0 .net/2u *"_ivl_14", 15 0, L_0x1600880a0;  1 drivers
v0x15a646390_0 .net *"_ivl_16", 15 0, L_0x15a649880;  1 drivers
L_0x1600880e8 .functor BUFT 1, C4<0>, C4<0>, C4<0>, C4<0>;
v0x15a646440_0 .net/2s *"_ivl_26", 0 0, L_0x1600880e8;  1 drivers
v0x15a646500_0 .net *"_ivl_31", 0 0, v0x15a647470_0;  1 drivers
v0x15a6465b0_0 .net *"_ivl_35", 0 0, v0x15a6473d0_0;  1 drivers
L_0x160088130 .functor BUFT 1, C4<0000000000000>, C4<0>, C4<0>, C4<0>;
v0x15a6466a0_0 .net/2s *"_ivl_39", 12 0, L_0x160088130;  1 drivers
v0x15a646750_0 .var "active_draw_hdmi", 0 0;
v0x15a6467f0_0 .var "blue", 7 0;
v0x15a6468a0_0 .net "bram_addr", 7 0, L_0x15a649b10;  1 drivers
v0x15a6469b0_0 .var "bram_dout", 23 0;
o0x1600501f0 .functor BUFZ 4, C4<zzzz>; HiZ drive
v0x15a646a60_0 .net "btn", 3 0, o0x1600501f0;  0 drivers
o0x160050220 .functor BUFZ 1, C4<z>; HiZ drive
v0x15a646b10_0 .net "cam_hsync", 0 0, o0x160050220;  0 drivers
v0x15a646bb0 .array "cam_hsync_buf", 0 1, 0 0;
o0x160050250 .functor BUFZ 1, C4<z>; HiZ drive
v0x15a646c40_0 .net "cam_pclk", 0 0, o0x160050250;  0 drivers
v0x15a646ce0 .array "cam_pclk_buf", 0 1, 0 0;
o0x160050280 .functor BUFZ 1, C4<z>; HiZ drive
v0x15a646d70_0 .net "cam_vsync", 0 0, o0x160050280;  0 drivers
v0x15a646e10 .array "cam_vsync_buf", 0 1, 0 0;
v0x15a646fa0_0 .net "cam_xclk", 0 0, L_0x15a62f650;  1 drivers
o0x1600502e0 .functor BUFZ 8, C4<zzzzzzzz>; HiZ drive
v0x15a647030_0 .net "camera_d", 7 0, o0x1600502e0;  0 drivers
v0x15a6470c0 .array "camera_d_buf", 0 1, 7 0;
o0x160050310 .functor BUFZ 1, C4<z>; HiZ drive
v0x15a647150_0 .net "clk_100mhz", 0 0, o0x160050310;  0 drivers
v0x15a6471f0_0 .var "clk_camera", 0 0;
v0x15a647290_0 .var "clk_pixel", 0 0;
v0x15a647330_0 .var "clk_xc", 0 0;
v0x15a6473d0_0 .var "cr_init_ready", 0 0;
v0x15a647470_0 .var "cr_init_valid", 0 0;
o0x160050430 .functor BUFZ 13, C4<zzzzzzzzzzzzz>; HiZ drive
v0x15a647510_0 .net "ddr3_addr", 12 0, o0x160050430;  0 drivers
o0x160050460 .functor BUFZ 3, C4<zzz>; HiZ drive
v0x15a6475c0_0 .net "ddr3_ba", 2 0, o0x160050460;  0 drivers
o0x160050490 .functor BUFZ 1, C4<z>; HiZ drive
v0x15a647670_0 .net "ddr3_cas_n", 0 0, o0x160050490;  0 drivers
o0x1600504c0 .functor BUFZ 1, C4<z>; HiZ drive
v0x15a647710_0 .net "ddr3_ck_n", 0 0, o0x1600504c0;  0 drivers
o0x1600504f0 .functor BUFZ 1, C4<z>; HiZ drive
v0x15a6477b0_0 .net "ddr3_ck_p", 0 0, o0x1600504f0;  0 drivers
o0x160050520 .functor BUFZ 1, C4<z>; HiZ drive
v0x15a647850_0 .net "ddr3_cke", 0 0, o0x160050520;  0 drivers
o0x160050550 .functor BUFZ 2, C4<zz>; HiZ drive
v0x15a6478f0_0 .net "ddr3_dm", 1 0, o0x160050550;  0 drivers
o0x160050580 .functor BUFZ 16, C4<zzzzzzzzzzzzzzzz>; HiZ drive
v0x15a646ec0_0 .net "ddr3_dq", 15 0, o0x160050580;  0 drivers
o0x1600505b0 .functor BUFZ 2, C4<zz>; HiZ drive
v0x15a647b80_0 .net "ddr3_dqs_n", 1 0, o0x1600505b0;  0 drivers
o0x1600505e0 .functor BUFZ 2, C4<zz>; HiZ drive
v0x15a647c10_0 .net "ddr3_dqs_p", 1 0, o0x1600505e0;  0 drivers
o0x160050610 .functor BUFZ 1, C4<z>; HiZ drive
v0x15a647cb0_0 .net "ddr3_odt", 0 0, o0x160050610;  0 drivers
o0x160050640 .functor BUFZ 1, C4<z>; HiZ drive
v0x15a647d50_0 .net "ddr3_ras_n", 0 0, o0x160050640;  0 drivers
o0x160050670 .functor BUFZ 1, C4<z>; HiZ drive
v0x15a647df0_0 .net "ddr3_reset_n", 0 0, o0x160050670;  0 drivers
o0x1600506a0 .functor BUFZ 1, C4<z>; HiZ drive
v0x15a647e90_0 .net "ddr3_we_n", 0 0, o0x1600506a0;  0 drivers
v0x15a647f30_0 .net "frame_buff_dram", 7 0, L_0x15a649980;  1 drivers
v0x15a647fe0_0 .var "frame_buff_tdata", 15 0;
v0x15a648090_0 .var "frame_buff_tlast", 0 0;
v0x15a648130_0 .var "frame_buff_tready", 0 0;
v0x15a6481d0_0 .var "frame_buff_tvalid", 0 0;
v0x15a648270_0 .var "good_addrb", 0 0;
v0x15a648310_0 .var "green", 7 0;
v0x15a6483c0_0 .var "hcount_hdmi", 9 0;
v0x15a648470_0 .var "hdmi_clk_n", 0 0;
v0x15a648510_0 .var "hdmi_clk_p", 0 0;
v0x15a6485b0_0 .var "hdmi_tx_n", 2 0;
v0x15a648660_0 .var "hdmi_tx_p", 2 0;
o0x160050910 .functor BUFZ 1, C4<z>; HiZ drive
v0x15a648710_0 .net "i2c_scl", 0 0, o0x160050910;  0 drivers
o0x160050940 .functor BUFZ 1, C4<z>; HiZ drive
v0x15a6487b0_0 .net "i2c_sda", 0 0, o0x160050940;  0 drivers
v0x15a648850_0 .net "led", 15 0, L_0x15a649d90;  1 drivers
v0x15a648900_0 .var "recent_reset", 0 0;
v0x15a6489a0_0 .var "red", 7 0;
v0x15a648a50_0 .var "registers_addr", 7 0;
v0x15a648b00_0 .net "registers_dout", 23 0, L_0x15a649a80;  1 drivers
L_0x160088010 .functor BUFT 1, C4<000>, C4<0>, C4<0>, C4<0>;
v0x15a648bb0_0 .net "rgb0", 2 0, L_0x160088010;  1 drivers
L_0x160088058 .functor BUFT 1, C4<000>, C4<0>, C4<0>, C4<0>;
v0x15a648c60_0 .net "rgb1", 2 0, L_0x160088058;  1 drivers
v0x15a648d10_0 .var "ss0_an", 3 0;
v0x15a648dc0_0 .var "ss0_c", 6 0;
v0x15a648e70_0 .var "ss1_an", 3 0;
v0x15a648f20_0 .var "ss1_c", 6 0;
o0x160050b80 .functor BUFZ 16, C4<zzzzzzzzzzzzzzzz>; HiZ drive
v0x15a6479a0_0 .net "sw", 15 0, o0x160050b80;  0 drivers
v0x15a647a50_0 .net "sys_rst", 0 0, L_0x15a649500;  1 drivers
v0x15a647af0_0 .net "sys_rst_camera", 0 0, L_0x15a6495a0;  1 drivers
v0x15a648fc0_0 .net "sys_rst_migref", 0 0, L_0x15a649700;  1 drivers
v0x15a649060_0 .net "sys_rst_pixel", 0 0, L_0x15a649640;  1 drivers
v0x15a649100_0 .var "vcount_hdmi", 8 0;
E_0x15a637bd0 .event posedge, v0x15a6471f0_0;
E_0x15a637e70 .event posedge, v0x15a647290_0;
E_0x15a634a90 .event anyedge, v0x15a648090_0, v0x15a646750_0, v0x15a6483c0_0, v0x15a649100_0;
L_0x15a649500 .part o0x1600501f0, 0, 1;
L_0x15a6495a0 .part o0x1600501f0, 0, 1;
L_0x15a649640 .part o0x1600501f0, 0, 1;
L_0x15a649700 .part o0x1600501f0, 0, 1;
L_0x15a649880 .functor MUXZ 16, L_0x1600880a0, v0x15a647fe0_0, v0x15a6481d0_0, C4<>;
L_0x15a649980 .part L_0x15a649880, 0, 8;
L_0x15a649d90 .concat8 [ 1 1 1 13], L_0x1600880e8, v0x15a647470_0, v0x15a6473d0_0, L_0x160088130;
    .scope S_0x15a60d020;
T_0 ;
    %wait E_0x15a637bd0;
    %load/vec4 v0x15a647030_0;
    %ix/load 3, 1, 0;
    %flag_set/imm 4, 0;
    %ix/load 4, 0, 0; Constant delay
    %assign/vec4/a/d v0x15a6470c0, 0, 4;
    %ix/load 4, 1, 0;
    %flag_set/imm 4, 0;
    %load/vec4a v0x15a6470c0, 4;
    %ix/load 3, 0, 0;
    %flag_set/imm 4, 0;
    %ix/load 4, 0, 0; Constant delay
    %assign/vec4/a/d v0x15a6470c0, 0, 4;
    %load/vec4 v0x15a646c40_0;
    %ix/load 3, 1, 0;
    %flag_set/imm 4, 0;
    %ix/load 4, 0, 0; Constant delay
    %assign/vec4/a/d v0x15a646ce0, 0, 4;
    %ix/load 4, 1, 0;
    %flag_set/imm 4, 0;
    %load/vec4a v0x15a646ce0, 4;
    %ix/load 3, 0, 0;
    %flag_set/imm 4, 0;
    %ix/load 4, 0, 0; Constant delay
    %assign/vec4/a/d v0x15a646ce0, 0, 4;
    %load/vec4 v0x15a646b10_0;
    %ix/load 3, 1, 0;
    %flag_set/imm 4, 0;
    %ix/load 4, 0, 0; Constant delay
    %assign/vec4/a/d v0x15a646bb0, 0, 4;
    %ix/load 4, 1, 0;
    %flag_set/imm 4, 0;
    %load/vec4a v0x15a646bb0, 4;
    %ix/load 3, 0, 0;
    %flag_set/imm 4, 0;
    %ix/load 4, 0, 0; Constant delay
    %assign/vec4/a/d v0x15a646bb0, 0, 4;
    %load/vec4 v0x15a646d70_0;
    %ix/load 3, 1, 0;
    %flag_set/imm 4, 0;
    %ix/load 4, 0, 0; Constant delay
    %assign/vec4/a/d v0x15a646e10, 0, 4;
    %ix/load 4, 1, 0;
    %flag_set/imm 4, 0;
    %load/vec4a v0x15a646e10, 4;
    %ix/load 3, 0, 0;
    %flag_set/imm 4, 0;
    %ix/load 4, 0, 0; Constant delay
    %assign/vec4/a/d v0x15a646e10, 0, 4;
    %jmp T_0;
    .thread T_0;
    .scope S_0x15a60d020;
T_1 ;
Ewait_0 .event/or E_0x15a634a90, E_0x0;
    %wait Ewait_0;
    %load/vec4 v0x15a648090_0;
    %flag_set/vec4 8;
    %jmp/0xz  T_1.0, 8;
    %load/vec4 v0x15a646750_0;
    %flag_set/vec4 9;
    %flag_get/vec4 9;
    %jmp/0 T_1.3, 9;
    %load/vec4 v0x15a6483c0_0;
    %pad/u 32;
    %pushi/vec4 639, 0, 32;
    %cmp/e;
    %flag_get/vec4 4;
    %and;
T_1.3;
    %flag_set/vec4 8;
    %flag_get/vec4 8;
    %jmp/0 T_1.2, 8;
    %load/vec4 v0x15a649100_0;
    %pad/u 32;
    %pushi/vec4 359, 0, 32;
    %cmp/e;
    %flag_get/vec4 4;
    %and;
T_1.2;
    %store/vec4 v0x15a648130_0, 0, 1;
    %jmp T_1.1;
T_1.0 ;
    %load/vec4 v0x15a646750_0;
    %store/vec4 v0x15a648130_0, 0, 1;
T_1.1 ;
    %jmp T_1;
    .thread T_1, $push;
    .scope S_0x15a60d020;
T_2 ;
    %wait E_0x15a637e70;
    %load/vec4 v0x15a6483c0_0;
    %pad/u 32;
    %cmpi/u 640, 0, 32;
    %flag_get/vec4 5;
    %jmp/0 T_2.0, 5;
    %load/vec4 v0x15a649100_0;
    %pad/u 32;
    %cmpi/u 360, 0, 32;
    %flag_get/vec4 5;
    %and;
T_2.0;
    %assign/vec4 v0x15a648270_0, 0;
    %load/vec4 v0x15a648270_0;
    %flag_set/vec4 8;
    %jmp/0 T_2.1, 8;
    %load/vec4 v0x15a647f30_0;
    %jmp/1 T_2.2, 8;
T_2.1 ; End of true expr.
    %pushi/vec4 0, 0, 8;
    %jmp/0 T_2.2, 8;
 ; End of false expr.
    %blend;
T_2.2;
    %assign/vec4 v0x15a6489a0_0, 0;
    %load/vec4 v0x15a648270_0;
    %flag_set/vec4 8;
    %jmp/0 T_2.3, 8;
    %load/vec4 v0x15a647f30_0;
    %jmp/1 T_2.4, 8;
T_2.3 ; End of true expr.
    %pushi/vec4 0, 0, 8;
    %jmp/0 T_2.4, 8;
 ; End of false expr.
    %blend;
T_2.4;
    %assign/vec4 v0x15a648310_0, 0;
    %load/vec4 v0x15a648270_0;
    %flag_set/vec4 8;
    %jmp/0 T_2.5, 8;
    %load/vec4 v0x15a647f30_0;
    %jmp/1 T_2.6, 8;
T_2.5 ; End of true expr.
    %pushi/vec4 0, 0, 8;
    %jmp/0 T_2.6, 8;
 ; End of false expr.
    %blend;
T_2.6;
    %assign/vec4 v0x15a6467f0_0, 0;
    %jmp T_2;
    .thread T_2;
    .scope S_0x15a60d020;
T_3 ;
    %wait E_0x15a637bd0;
    %load/vec4 v0x15a647a50_0;
    %flag_set/vec4 8;
    %jmp/0xz  T_3.0, 8;
    %pushi/vec4 1, 0, 1;
    %assign/vec4 v0x15a648900_0, 0;
    %pushi/vec4 0, 0, 1;
    %assign/vec4 v0x15a647470_0, 0;
    %jmp T_3.1;
T_3.0 ;
    %load/vec4 v0x15a648900_0;
    %flag_set/vec4 8;
    %jmp/0xz  T_3.2, 8;
    %pushi/vec4 1, 0, 1;
    %assign/vec4 v0x15a647470_0, 0;
    %pushi/vec4 0, 0, 1;
    %assign/vec4 v0x15a648900_0, 0;
    %jmp T_3.3;
T_3.2 ;
    %load/vec4 v0x15a647470_0;
    %flag_set/vec4 9;
    %flag_get/vec4 9;
    %jmp/0 T_3.6, 9;
    %load/vec4 v0x15a6473d0_0;
    %and;
T_3.6;
    %flag_set/vec4 8;
    %jmp/0xz  T_3.4, 8;
    %pushi/vec4 0, 0, 1;
    %assign/vec4 v0x15a647470_0, 0;
T_3.4 ;
T_3.3 ;
T_3.1 ;
    %jmp T_3;
    .thread T_3;
# The file index is used to find the file name in the following table.
:file_names 4;
    "N/A";
    "<interactive>";
    "-";
    "hdl/top_level.sv";
